Input:
1 + 3 / 4 * 5 - 10

Compile to:
0000    01 00          push 0 //1
   |    01 01          push 1 //3
   |    01 02          push 2 //4
   |    0b             div<f64>
   |    01 03          push 3 //5
   |    0a             mult<f64>
   |    08             add<f64>
   |    01 04          push 4 //10
   |    09             sub<f64>

Executes to:
-5.25: Number

